/contact 184.123.665.067
/home 184.123.665.067
/index 444.701.448.104
/home 316.433.849.805
